// Jest Snapshot v1, https://goo.gl/fbAQLP

exports[`renders correctly 1`] = `
Array [
  <div>
    <p>
      <strong>
        Oops! An error occured! I guess I haven't done enough QA because I really wanted to show you the project early! But hey, at least I caught the error using a boundary :)
      </strong>
    </p>
    <p>
      Here’s what I know about the error:
    </p>
    <p>
      <strong>
        Error:
      </strong>
       
      ReferenceError: MutationObserver is not defined
    </p>
    <p>
      <strong>
        Stacktrace:
      </strong>
       
      
    in input (at LoginForm.jsx:81)
    in li (at LoginForm.jsx:80)
    in form (at LoginForm.jsx:49)
    in ul (at LoginForm.jsx:48)
    in div (at LoginForm.jsx:47)
    in LoginForm (at WelcomeScreen.jsx:55)
    in Route (at WelcomeScreen.jsx:54)
    in Switch (at WelcomeScreen.jsx:28)
    in div (at WelcomeScreen.jsx:27)
    in WelcomeScreen (at App.js:645)
    in ErrorBoundary (at App.js:644)
    in Route (at App.js:869)
    in Switch (at App.js:862)
    in App (created by withSizes(App))
    in withSizes(App) (created by Context.Consumer)
    in WithSizes (at App.test.js:8)
    in Router (created by MemoryRouter)
    in MemoryRouter (created by WrapperComponent)
    in WrapperComponent
    </p>
  </div>,
  "",
]
`;
