// Jest Snapshot v1, https://goo.gl/fbAQLP

exports[`renders correctly 1`] = `
Array [
  <div
    className="menu-bg-home"
  >
    <div
      className="menu-window"
    >
      <form
        onSubmit={[Function]}
      >
        <ul
          className="menu bg-dark w-100"
        >
          <h4
            className="mb-4"
          >
            <span
              className="menu-header"
            >
              Welcome to D&D Online Board
            </span>
          </h4>
          <li
            className="mb-3"
          >
            <Link
              to="/home/about"
            >
              <LinkAnchor
                href="/home/about"
                navigate={[Function]}
              >
                <a
                  href="/home/about"
                  onClick={[Function]}
                >
                  <h5>
                    What is D&D Online Board? Click here to find out!
                  </h5>
                </a>
              </LinkAnchor>
            </Link>
          </li>
          <li>
            <input
              className="input-group-sm form-control"
              name="email"
              onBlur={[Function]}
              onChange={[Function]}
              placeholder="Email Address"
              required={true}
              type="email"
              value=""
            />
            <label
              className="error badge badge-danger"
            />
          </li>
          <li>
            <input
              className="input-group-sm form-control mt-3"
              name="password"
              onBlur={[Function]}
              onChange={[Function]}
              placeholder="Password"
              required={true}
              type="password"
              value=""
            />
            <label
              className="error badge badge-danger"
            />
          </li>
          <li>
            <button
              className="btn btn-primary form-control mt-3"
              disabled={false}
              type="submit"
            >
              Log In
            </button>
          </li>
          <li
            className="mt-2"
          >
            <Link
              to="/home/register"
            >
              <LinkAnchor
                href="/home/register"
                navigate={[Function]}
              >
                <a
                  href="/home/register"
                  onClick={[Function]}
                >
                  New user?
                </a>
              </LinkAnchor>
            </Link>
            <Link
              className="float-right"
              to="/home/forgot_password"
            >
              <LinkAnchor
                className="float-right"
                href="/home/forgot_password"
                navigate={[Function]}
              >
                <a
                  className="float-right"
                  href="/home/forgot_password"
                  onClick={[Function]}
                >
                  Forgot password?
                </a>
              </LinkAnchor>
            </Link>
          </li>
        </ul>
      </form>
    </div>
  </div>,
  "",
]
`;
