// Jest Snapshot v1, https://goo.gl/fbAQLP

exports[`renders correctly - shallow 1`] = `
<div
  className="menu-window"
>
  <form
    onSubmit={[Function]}
  >
    <ul
      className="menu bg-dark w-100"
    >
      <h4
        className="mb-5"
      >
        <span
          className="menu-header"
        >
          Reset Password
        </span>
      </h4>
      <li>
        <input
          className="input-group-sm form-control"
          name="email"
          placeholder="Email Address"
          type="email"
        />
      </li>
      <li>
        <label>
          A message with a link to reset your password will be sent to this email address.
        </label>
      </li>
      <li>
        <button
          className="btn btn-primary form-control mt-3"
          disabled={false}
          type="submit"
        >
          Send
        </button>
      </li>
      <li
        className="mt-2 mb-4"
      >
        <Link
          className="float-right"
          to="/home/login"
        >
          Back to log in
        </Link>
      </li>
      <h4
        className="error badge badge-danger"
        style={
          Object {
            "fontSize": 14,
          }
        }
      />
    </ul>
  </form>
</div>
`;
